
======================================================================
IENF 神經纖維重建 Pipeline
======================================================================
開始時間: 2025-11-14 15:47:04
原始影像: ./split/S163-2_a_epidermis_correct_12.png
手動標註: ./data/Label/S163-2_a.tif
輸出目錄: ./pipeline_res
中間產物: 不保存（使用臨時目錄）

步驟 1/6: 影像前處理（提取綠色通道）
----------------------------------------------------------------------
✓ 提取綠色通道: (1028, 4713)

步驟 2/6: 標註處理（連通元件分析）
----------------------------------------------------------------------
✓ 找到 266 個連通元件

步驟 3/6: 骨架化處理
----------------------------------------------------------------------
✓ 骨架化完成

步驟 4/6: 種子提取
----------------------------------------------------------------------
✓ 提取 506 個種子點

步驟 5/6: 網路建構
----------------------------------------------------------------------

✗ Pipeline 執行失敗: 'NetworkBuilder' object has no attribute 'cost_calculator'
Traceback (most recent call last):
  File "/Users/ponywen/projects/ienf_q/./run_pipeline.py", line 515, in run
    network_dir = self._build_network(seeds_dir, green_channel_path, working_dir)
  File "/Users/ponywen/projects/ienf_q/./run_pipeline.py", line 376, in _build_network
    builder.cost_calculator.alpha = self.config.network_building.cost_weights.alpha
    ^^^^^^^^^^^^^^^^^^^^^^^
AttributeError: 'NetworkBuilder' object has no attribute 'cost_calculator'
✓ 載入配置: config/fast.yaml
