
======================================================================
IENF 神經纖維重建 Pipeline
======================================================================
開始時間: 2025-11-14 15:49:55
原始影像: ./split/S163-2_a_epidermis_correct_12.png
手動標註: ./data/Label/S163-2_a.tif
輸出目錄: ./pipeline_res
中間產物: 不保存（使用臨時目錄）

步驟 1/6: 影像前處理（提取綠色通道）
----------------------------------------------------------------------
✓ 提取綠色通道: (1028, 4713)

步驟 2/6: 標註處理（連通元件分析）
----------------------------------------------------------------------
✓ 找到 266 個連通元件

步驟 3/6: 骨架化處理
----------------------------------------------------------------------
✓ 骨架化完成

步驟 4/6: 種子提取
----------------------------------------------------------------------
✓ 提取 506 個種子點

步驟 5/6: 網路建構
----------------------------------------------------------------------
/Users/ponywen/projects/ienf_q/src/03_network_building/visualization.py:510: UserWarning: Tight layout not applied. The left and right margins cannot be made large enough to accommodate all Axes decorations.
  plt.tight_layout()
✓ 建構網路: 506 節點, 3397 邊

步驟 6/6: 神經重建
----------------------------------------------------------------------

✗ Pipeline 執行失敗: cannot import name 'MSTVisualizer' from 'visualization' (/Users/ponywen/projects/ienf_q/src/03_network_building/visualization.py)
Traceback (most recent call last):
  File "/Users/ponywen/projects/ienf_q/./run_pipeline.py", line 513, in run
    results = self._reconstruct(
        network_dir, seeds_dir, green_channel_path, output_dir, mask_path
    )
  File "/Users/ponywen/projects/ienf_q/./run_pipeline.py", line 423, in _reconstruct
    recon_module = _import_module_from_path(
        "reconstruction_runner",
        project_root / "src" / "04_nueral_reconstruction" / "reconstruction_runner.py"
    )
  File "/Users/ponywen/projects/ienf_q/./run_pipeline.py", line 61, in _import_module_from_path
    spec.loader.exec_module(module)
    ~~~~~~~~~~~~~~~~~~~~~~~^^^^^^^^
  File "<frozen importlib._bootstrap_external>", line 1026, in exec_module
  File "<frozen importlib._bootstrap>", line 488, in _call_with_frames_removed
  File "/Users/ponywen/projects/ienf_q/src/04_nueral_reconstruction/reconstruction_runner.py", line 15, in <module>
    from visualization import MSTVisualizer
ImportError: cannot import name 'MSTVisualizer' from 'visualization' (/Users/ponywen/projects/ienf_q/src/03_network_building/visualization.py)
✓ 載入配置: config/fast.yaml
============================================================
網路建構流程
============================================================

[1/6] 載入種子與影像...
  ✓ 成功載入 506 個種子

[2/6] 計算局部密度...
  ✓ 完成密度分析

[3/6] 種子配對...
  ✓ 生成 3507 對候選連接

[4/6] 計算邊成本...
  ✓ 成功計算 3507 條邊的成本

[5/6] 建構圖結構...
  ✓ 節點數: 506
  ✓ 邊數: 3397

[6/6] 儲存結果...
  ✓ 狀態檔: /var/folders/z8/f3sgj6c57j91g82_1zshpmy40000gn/T/ienf_pipeline_7fo4wbmy/network/status.txt
  ✓ GraphML: /var/folders/z8/f3sgj6c57j91g82_1zshpmy40000gn/T/ienf_pipeline_7fo4wbmy/network/network.graphml
  ✓ 邊資料 JSON: /var/folders/z8/f3sgj6c57j91g82_1zshpmy40000gn/T/ienf_pipeline_7fo4wbmy/network/edges_with_paths.json
    - 有效邊數: 3397/3507
  ✓ 網路視覺化: /var/folders/z8/f3sgj6c57j91g82_1zshpmy40000gn/T/ienf_pipeline_7fo4wbmy/network/network.png
  ✓ 放大圖視覺化: /var/folders/z8/f3sgj6c57j91g82_1zshpmy40000gn/T/ienf_pipeline_7fo4wbmy/network/network_zoomed.png
  ✓ 成本分布圖: /var/folders/z8/f3sgj6c57j91g82_1zshpmy40000gn/T/ienf_pipeline_7fo4wbmy/network/cost_distribution.png
  ✓ 路徑樣本視覺化: /var/folders/z8/f3sgj6c57j91g82_1zshpmy40000gn/T/ienf_pipeline_7fo4wbmy/network/sample_paths.png
    - 繪製 15 條邊的路徑
    - 放大中心: (1900, 541), 半徑: 200px
  ✓ 密度熱力圖: /var/folders/z8/f3sgj6c57j91g82_1zshpmy40000gn/T/ienf_pipeline_7fo4wbmy/network/density_heatmap.png
    - 密度範圍: 2.8 ~ 282.8 px
    - 平均密度: 21.0 px
  ✓ 成本比值分析: /var/folders/z8/f3sgj6c57j91g82_1zshpmy40000gn/T/ienf_pipeline_7fo4wbmy/network/cost_ratio_analysis.png
    - 總邊數: 3397
    - 比值範圍: 0.16 ~ 1.07
    - 平均值: 0.91x
    - 中位數: 0.95x
    - 百分位數:
      50%: 0.95x (覆蓋 50.0% 的邊)
      75%: 0.99x (覆蓋 75.0% 的邊)
      90%: 1.02x (覆蓋 90.0% 的邊)
      95%: 1.03x (覆蓋 95.0% 的邊)
      99%: 1.05x (覆蓋 99.0% 的邊)
    - 建議: 若要保留 95% 的邊，可設定倍數為 1.0x

============================================================
✓ 網路建構完成!
============================================================
