2025-11-14 15:45:41,599 - IENF_Pipeline - INFO - 
======================================================================
2025-11-14 15:45:41,599 - IENF_Pipeline - INFO - IENF 神經纖維重建 Pipeline
2025-11-14 15:45:41,599 - IENF_Pipeline - INFO - ======================================================================
2025-11-14 15:45:41,600 - IENF_Pipeline - INFO - 開始時間: 2025-11-14 15:45:41
2025-11-14 15:45:41,600 - IENF_Pipeline - INFO - 原始影像: ./split/S163-2_a_epidermis_correct_12.png
2025-11-14 15:45:41,600 - IENF_Pipeline - INFO - 手動標註: ./data/Label/S163-2_a.tif
2025-11-14 15:45:41,600 - IENF_Pipeline - INFO - 輸出目錄: ./pipeline_res
2025-11-14 15:45:41,600 - IENF_Pipeline - INFO - 中間產物: 不保存（使用臨時目錄）
2025-11-14 15:45:41,600 - IENF_Pipeline - INFO - 
2025-11-14 15:45:41,600 - IENF_Pipeline - INFO - 步驟 1/6: 影像前處理（提取綠色通道）
2025-11-14 15:45:41,600 - IENF_Pipeline - INFO - ----------------------------------------------------------------------
2025-11-14 15:45:41,634 - IENF_Pipeline - INFO - ✓ 提取綠色通道: (1028, 4713)
2025-11-14 15:45:41,646 - IENF_Pipeline - INFO - 
2025-11-14 15:45:41,646 - IENF_Pipeline - INFO - 步驟 2/6: 標註處理（連通元件分析）
2025-11-14 15:45:41,646 - IENF_Pipeline - INFO - ----------------------------------------------------------------------
2025-11-14 15:45:42,174 - IENF_Pipeline - INFO - ✓ 找到 266 個連通元件
2025-11-14 15:45:42,195 - IENF_Pipeline - INFO - 
2025-11-14 15:45:42,196 - IENF_Pipeline - INFO - 步驟 3/6: 骨架化處理
2025-11-14 15:45:42,196 - IENF_Pipeline - INFO - ----------------------------------------------------------------------
2025-11-14 15:46:18,140 - IENF_Pipeline - INFO - ✓ 骨架化完成
2025-11-14 15:46:18,140 - IENF_Pipeline - INFO - 
2025-11-14 15:46:18,140 - IENF_Pipeline - INFO - 步驟 4/6: 種子提取
2025-11-14 15:46:18,140 - IENF_Pipeline - INFO - ----------------------------------------------------------------------
2025-11-14 15:46:18,286 - IENF_Pipeline - INFO - ✓ 提取 506 個種子點
2025-11-14 15:46:18,286 - IENF_Pipeline - INFO - 
2025-11-14 15:46:18,286 - IENF_Pipeline - INFO - 步驟 5/6: 網路建構
2025-11-14 15:46:18,286 - IENF_Pipeline - INFO - ----------------------------------------------------------------------
2025-11-14 15:46:18,407 - IENF_Pipeline - ERROR - 
✗ Pipeline 執行失敗: No module named 'seed_loader'
2025-11-14 15:47:04,846 - IENF_Pipeline - INFO - 
======================================================================
2025-11-14 15:47:04,846 - IENF_Pipeline - INFO - IENF 神經纖維重建 Pipeline
2025-11-14 15:47:04,846 - IENF_Pipeline - INFO - ======================================================================
2025-11-14 15:47:04,846 - IENF_Pipeline - INFO - 開始時間: 2025-11-14 15:47:04
2025-11-14 15:47:04,846 - IENF_Pipeline - INFO - 原始影像: ./split/S163-2_a_epidermis_correct_12.png
2025-11-14 15:47:04,846 - IENF_Pipeline - INFO - 手動標註: ./data/Label/S163-2_a.tif
2025-11-14 15:47:04,846 - IENF_Pipeline - INFO - 輸出目錄: ./pipeline_res
2025-11-14 15:47:04,846 - IENF_Pipeline - INFO - 中間產物: 不保存（使用臨時目錄）
2025-11-14 15:47:04,846 - IENF_Pipeline - INFO - 
2025-11-14 15:47:04,847 - IENF_Pipeline - INFO - 步驟 1/6: 影像前處理（提取綠色通道）
2025-11-14 15:47:04,847 - IENF_Pipeline - INFO - ----------------------------------------------------------------------
2025-11-14 15:47:04,874 - IENF_Pipeline - INFO - ✓ 提取綠色通道: (1028, 4713)
2025-11-14 15:47:04,883 - IENF_Pipeline - INFO - 
2025-11-14 15:47:04,883 - IENF_Pipeline - INFO - 步驟 2/6: 標註處理（連通元件分析）
2025-11-14 15:47:04,883 - IENF_Pipeline - INFO - ----------------------------------------------------------------------
2025-11-14 15:47:05,267 - IENF_Pipeline - INFO - ✓ 找到 266 個連通元件
2025-11-14 15:47:05,288 - IENF_Pipeline - INFO - 
2025-11-14 15:47:05,288 - IENF_Pipeline - INFO - 步驟 3/6: 骨架化處理
2025-11-14 15:47:05,288 - IENF_Pipeline - INFO - ----------------------------------------------------------------------
2025-11-14 15:47:31,175 - IENF_Pipeline - INFO - ✓ 骨架化完成
2025-11-14 15:47:31,176 - IENF_Pipeline - INFO - 
2025-11-14 15:47:31,176 - IENF_Pipeline - INFO - 步驟 4/6: 種子提取
2025-11-14 15:47:31,176 - IENF_Pipeline - INFO - ----------------------------------------------------------------------
2025-11-14 15:47:31,303 - IENF_Pipeline - INFO - ✓ 提取 506 個種子點
2025-11-14 15:47:31,303 - IENF_Pipeline - INFO - 
2025-11-14 15:47:31,303 - IENF_Pipeline - INFO - 步驟 5/6: 網路建構
2025-11-14 15:47:31,303 - IENF_Pipeline - INFO - ----------------------------------------------------------------------
2025-11-14 15:47:53,237 - IENF_Pipeline - ERROR - 
✗ Pipeline 執行失敗: 'NetworkBuilder' object has no attribute 'cost_calculator'
2025-11-14 15:49:55,646 - IENF_Pipeline - INFO - 
======================================================================
2025-11-14 15:49:55,646 - IENF_Pipeline - INFO - IENF 神經纖維重建 Pipeline
2025-11-14 15:49:55,646 - IENF_Pipeline - INFO - ======================================================================
2025-11-14 15:49:55,646 - IENF_Pipeline - INFO - 開始時間: 2025-11-14 15:49:55
2025-11-14 15:49:55,646 - IENF_Pipeline - INFO - 原始影像: ./split/S163-2_a_epidermis_correct_12.png
2025-11-14 15:49:55,646 - IENF_Pipeline - INFO - 手動標註: ./data/Label/S163-2_a.tif
2025-11-14 15:49:55,646 - IENF_Pipeline - INFO - 輸出目錄: ./pipeline_res
2025-11-14 15:49:55,646 - IENF_Pipeline - INFO - 中間產物: 不保存（使用臨時目錄）
2025-11-14 15:49:55,646 - IENF_Pipeline - INFO - 
2025-11-14 15:49:55,647 - IENF_Pipeline - INFO - 步驟 1/6: 影像前處理（提取綠色通道）
2025-11-14 15:49:55,647 - IENF_Pipeline - INFO - ----------------------------------------------------------------------
2025-11-14 15:49:55,680 - IENF_Pipeline - INFO - ✓ 提取綠色通道: (1028, 4713)
2025-11-14 15:49:55,690 - IENF_Pipeline - INFO - 
2025-11-14 15:49:55,691 - IENF_Pipeline - INFO - 步驟 2/6: 標註處理（連通元件分析）
2025-11-14 15:49:55,691 - IENF_Pipeline - INFO - ----------------------------------------------------------------------
2025-11-14 15:49:56,181 - IENF_Pipeline - INFO - ✓ 找到 266 個連通元件
2025-11-14 15:49:56,203 - IENF_Pipeline - INFO - 
2025-11-14 15:49:56,203 - IENF_Pipeline - INFO - 步驟 3/6: 骨架化處理
2025-11-14 15:49:56,203 - IENF_Pipeline - INFO - ----------------------------------------------------------------------
2025-11-14 15:50:32,910 - IENF_Pipeline - INFO - ✓ 骨架化完成
2025-11-14 15:50:32,911 - IENF_Pipeline - INFO - 
2025-11-14 15:50:32,911 - IENF_Pipeline - INFO - 步驟 4/6: 種子提取
2025-11-14 15:50:32,911 - IENF_Pipeline - INFO - ----------------------------------------------------------------------
2025-11-14 15:50:33,040 - IENF_Pipeline - INFO - ✓ 提取 506 個種子點
2025-11-14 15:50:33,040 - IENF_Pipeline - INFO - 
2025-11-14 15:50:33,040 - IENF_Pipeline - INFO - 步驟 5/6: 網路建構
2025-11-14 15:50:33,040 - IENF_Pipeline - INFO - ----------------------------------------------------------------------
2025-11-14 15:50:45,315 - IENF_Pipeline - INFO - ✓ 建構網路: 506 節點, 3397 邊
2025-11-14 15:50:45,315 - IENF_Pipeline - INFO - 
2025-11-14 15:50:45,315 - IENF_Pipeline - INFO - 步驟 6/6: 神經重建
2025-11-14 15:50:45,315 - IENF_Pipeline - INFO - ----------------------------------------------------------------------
2025-11-14 15:50:45,316 - IENF_Pipeline - ERROR - 
✗ Pipeline 執行失敗: cannot import name 'MSTVisualizer' from 'visualization' (/Users/ponywen/projects/ienf_q/src/03_network_building/visualization.py)
2025-11-14 15:52:11,596 - IENF_Pipeline - INFO - 
======================================================================
2025-11-14 15:52:11,596 - IENF_Pipeline - INFO - IENF 神經纖維重建 Pipeline
2025-11-14 15:52:11,596 - IENF_Pipeline - INFO - ======================================================================
2025-11-14 15:52:11,596 - IENF_Pipeline - INFO - 開始時間: 2025-11-14 15:52:11
2025-11-14 15:52:11,596 - IENF_Pipeline - INFO - 原始影像: ./split/S163-2_a_epidermis_correct_12.png
2025-11-14 15:52:11,596 - IENF_Pipeline - INFO - 手動標註: ./data/Label/S163-2_a.tif
2025-11-14 15:52:11,596 - IENF_Pipeline - INFO - 輸出目錄: ./pipeline_res
2025-11-14 15:52:11,596 - IENF_Pipeline - INFO - 中間產物: 不保存（使用臨時目錄）
2025-11-14 15:52:11,596 - IENF_Pipeline - INFO - 
2025-11-14 15:52:11,597 - IENF_Pipeline - INFO - 步驟 1/6: 影像前處理（提取綠色通道）
2025-11-14 15:52:11,597 - IENF_Pipeline - INFO - ----------------------------------------------------------------------
2025-11-14 15:52:11,623 - IENF_Pipeline - INFO - ✓ 提取綠色通道: (1028, 4713)
2025-11-14 15:52:11,632 - IENF_Pipeline - INFO - 
2025-11-14 15:52:11,632 - IENF_Pipeline - INFO - 步驟 2/6: 標註處理（連通元件分析）
2025-11-14 15:52:11,632 - IENF_Pipeline - INFO - ----------------------------------------------------------------------
2025-11-14 15:52:12,032 - IENF_Pipeline - INFO - ✓ 找到 266 個連通元件
2025-11-14 15:52:12,053 - IENF_Pipeline - INFO - 
2025-11-14 15:52:12,054 - IENF_Pipeline - INFO - 步驟 3/6: 骨架化處理
2025-11-14 15:52:12,054 - IENF_Pipeline - INFO - ----------------------------------------------------------------------
2025-11-14 15:52:39,702 - IENF_Pipeline - INFO - ✓ 骨架化完成
2025-11-14 15:52:39,702 - IENF_Pipeline - INFO - 
2025-11-14 15:52:39,702 - IENF_Pipeline - INFO - 步驟 4/6: 種子提取
2025-11-14 15:52:39,702 - IENF_Pipeline - INFO - ----------------------------------------------------------------------
2025-11-14 15:52:39,826 - IENF_Pipeline - INFO - ✓ 提取 506 個種子點
2025-11-14 15:52:39,826 - IENF_Pipeline - INFO - 
2025-11-14 15:52:39,826 - IENF_Pipeline - INFO - 步驟 5/6: 網路建構
2025-11-14 15:52:39,826 - IENF_Pipeline - INFO - ----------------------------------------------------------------------
2025-11-14 15:52:51,607 - IENF_Pipeline - INFO - ✓ 建構網路: 506 節點, 3397 邊
2025-11-14 15:52:51,607 - IENF_Pipeline - INFO - 
2025-11-14 15:52:51,607 - IENF_Pipeline - INFO - 步驟 6/6: 神經重建
2025-11-14 15:52:51,607 - IENF_Pipeline - INFO - ----------------------------------------------------------------------
2025-11-14 15:52:51,608 - IENF_Pipeline - ERROR - 
✗ Pipeline 執行失敗: cannot import name 'MSTVisualizer' from 'visualization' (/Users/ponywen/projects/ienf_q/src/03_network_building/visualization.py)
