2025-11-14 15:40:20,728 - IENF_Pipeline - INFO - 
======================================================================
2025-11-14 15:40:20,728 - IENF_Pipeline - INFO - IENF 神經纖維重建 Pipeline
2025-11-14 15:40:20,728 - IENF_Pipeline - INFO - ======================================================================
2025-11-14 15:40:20,729 - IENF_Pipeline - INFO - 開始時間: 2025-11-14 15:40:20
2025-11-14 15:40:20,729 - IENF_Pipeline - INFO - 原始影像: ./split/S163-2_a_epidermis_correct_12.png
2025-11-14 15:40:20,729 - IENF_Pipeline - INFO - 手動標註: ./data/Label/S163-2_a.tif
2025-11-14 15:40:20,729 - IENF_Pipeline - INFO - 輸出目錄: ./pipeline_res
2025-11-14 15:40:20,729 - IENF_Pipeline - INFO - 中間產物: 不保存（使用臨時目錄）
2025-11-14 15:40:20,729 - IENF_Pipeline - INFO - 
2025-11-14 15:40:20,729 - IENF_Pipeline - INFO - 步驟 1/6: 影像前處理（提取綠色通道）
2025-11-14 15:40:20,729 - IENF_Pipeline - INFO - ----------------------------------------------------------------------
2025-11-14 15:40:20,763 - IENF_Pipeline - INFO - ✓ 提取綠色通道: (1028, 4713)
2025-11-14 15:40:20,775 - IENF_Pipeline - INFO - 
2025-11-14 15:40:20,775 - IENF_Pipeline - INFO - 步驟 2/6: 標註處理（連通元件分析）
2025-11-14 15:40:20,775 - IENF_Pipeline - INFO - ----------------------------------------------------------------------
2025-11-14 15:40:24,758 - IENF_Pipeline - INFO - ✓ 找到 266 個連通元件
2025-11-14 15:40:24,781 - IENF_Pipeline - INFO - 
2025-11-14 15:40:24,782 - IENF_Pipeline - INFO - 步驟 3/6: 骨架化處理
2025-11-14 15:40:24,782 - IENF_Pipeline - INFO - ----------------------------------------------------------------------
2025-11-14 15:40:24,782 - IENF_Pipeline - ERROR - 
✗ Pipeline 執行失敗: No module named 'src.seed_extraction'
2025-11-14 15:42:18,121 - IENF_Pipeline - INFO - 
======================================================================
2025-11-14 15:42:18,122 - IENF_Pipeline - INFO - IENF 神經纖維重建 Pipeline
2025-11-14 15:42:18,122 - IENF_Pipeline - INFO - ======================================================================
2025-11-14 15:42:18,122 - IENF_Pipeline - INFO - 開始時間: 2025-11-14 15:42:18
2025-11-14 15:42:18,122 - IENF_Pipeline - INFO - 原始影像: ./split/S163-2_a_epidermis_correct_12.png
2025-11-14 15:42:18,122 - IENF_Pipeline - INFO - 手動標註: ./data/Label/S163-2_a.tif
2025-11-14 15:42:18,122 - IENF_Pipeline - INFO - 輸出目錄: ./pipeline_res
2025-11-14 15:42:18,122 - IENF_Pipeline - INFO - 中間產物: 不保存（使用臨時目錄）
2025-11-14 15:42:18,122 - IENF_Pipeline - INFO - 
2025-11-14 15:42:18,122 - IENF_Pipeline - INFO - 步驟 1/6: 影像前處理（提取綠色通道）
2025-11-14 15:42:18,122 - IENF_Pipeline - INFO - ----------------------------------------------------------------------
2025-11-14 15:42:18,158 - IENF_Pipeline - INFO - ✓ 提取綠色通道: (1028, 4713)
2025-11-14 15:42:18,169 - IENF_Pipeline - INFO - 
2025-11-14 15:42:18,169 - IENF_Pipeline - INFO - 步驟 2/6: 標註處理（連通元件分析）
2025-11-14 15:42:18,169 - IENF_Pipeline - INFO - ----------------------------------------------------------------------
2025-11-14 15:42:18,708 - IENF_Pipeline - INFO - ✓ 找到 266 個連通元件
2025-11-14 15:42:18,730 - IENF_Pipeline - INFO - 
2025-11-14 15:42:18,730 - IENF_Pipeline - INFO - 步驟 3/6: 骨架化處理
2025-11-14 15:42:18,730 - IENF_Pipeline - INFO - ----------------------------------------------------------------------
2025-11-14 15:42:18,730 - IENF_Pipeline - ERROR - 
✗ Pipeline 執行失敗: No module named 'src.seed_extraction'
2025-11-14 15:44:33,450 - IENF_Pipeline - INFO - 
======================================================================
2025-11-14 15:44:33,450 - IENF_Pipeline - INFO - IENF 神經纖維重建 Pipeline
2025-11-14 15:44:33,450 - IENF_Pipeline - INFO - ======================================================================
2025-11-14 15:44:33,450 - IENF_Pipeline - INFO - 開始時間: 2025-11-14 15:44:33
2025-11-14 15:44:33,450 - IENF_Pipeline - INFO - 原始影像: ./split/S163-2_a_epidermis_correct_12.png
2025-11-14 15:44:33,450 - IENF_Pipeline - INFO - 手動標註: ./data/Label/S163-2_a.tif
2025-11-14 15:44:33,450 - IENF_Pipeline - INFO - 輸出目錄: ./pipeline_res
2025-11-14 15:44:33,450 - IENF_Pipeline - INFO - 中間產物: 不保存（使用臨時目錄）
2025-11-14 15:44:33,450 - IENF_Pipeline - INFO - 
2025-11-14 15:44:33,451 - IENF_Pipeline - INFO - 步驟 1/6: 影像前處理（提取綠色通道）
2025-11-14 15:44:33,451 - IENF_Pipeline - INFO - ----------------------------------------------------------------------
2025-11-14 15:44:33,482 - IENF_Pipeline - INFO - ✓ 提取綠色通道: (1028, 4713)
2025-11-14 15:44:33,492 - IENF_Pipeline - INFO - 
2025-11-14 15:44:33,492 - IENF_Pipeline - INFO - 步驟 2/6: 標註處理（連通元件分析）
2025-11-14 15:44:33,492 - IENF_Pipeline - INFO - ----------------------------------------------------------------------
2025-11-14 15:44:33,993 - IENF_Pipeline - INFO - ✓ 找到 266 個連通元件
2025-11-14 15:44:34,014 - IENF_Pipeline - INFO - 
2025-11-14 15:44:34,015 - IENF_Pipeline - INFO - 步驟 3/6: 骨架化處理
2025-11-14 15:44:34,015 - IENF_Pipeline - INFO - ----------------------------------------------------------------------
2025-11-14 15:44:34,310 - IENF_Pipeline - ERROR - 
✗ Pipeline 執行失敗: SkeletonAnalyzer.process() got an unexpected keyword argument 'components_dir'
2025-11-14 15:55:37,418 - IENF_Pipeline - INFO - 
======================================================================
2025-11-14 15:55:37,418 - IENF_Pipeline - INFO - IENF 神經纖維重建 Pipeline
2025-11-14 15:55:37,418 - IENF_Pipeline - INFO - ======================================================================
2025-11-14 15:55:37,418 - IENF_Pipeline - INFO - 開始時間: 2025-11-14 15:55:37
2025-11-14 15:55:37,418 - IENF_Pipeline - INFO - 原始影像: ./split/S163-2_a_epidermis_correct_12.png
2025-11-14 15:55:37,418 - IENF_Pipeline - INFO - 手動標註: ./data/Label/S163-2_a.tif
2025-11-14 15:55:37,418 - IENF_Pipeline - INFO - 輸出目錄: ./pipeline_res
2025-11-14 15:55:37,418 - IENF_Pipeline - INFO - 中間產物: 不保存（使用臨時目錄）
2025-11-14 15:55:37,418 - IENF_Pipeline - INFO - 
2025-11-14 15:55:37,419 - IENF_Pipeline - INFO - 步驟 1/6: 影像前處理（提取綠色通道）
2025-11-14 15:55:37,419 - IENF_Pipeline - INFO - ----------------------------------------------------------------------
2025-11-14 15:55:37,447 - IENF_Pipeline - INFO - ✓ 提取綠色通道: (1028, 4713)
2025-11-14 15:55:37,457 - IENF_Pipeline - INFO - 
2025-11-14 15:55:37,457 - IENF_Pipeline - INFO - 步驟 2/6: 標註處理（連通元件分析）
2025-11-14 15:55:37,457 - IENF_Pipeline - INFO - ----------------------------------------------------------------------
2025-11-14 15:55:37,825 - IENF_Pipeline - INFO - ✓ 找到 266 個連通元件
2025-11-14 15:55:37,846 - IENF_Pipeline - INFO - 
2025-11-14 15:55:37,846 - IENF_Pipeline - INFO - 步驟 3/6: 骨架化處理
2025-11-14 15:55:37,846 - IENF_Pipeline - INFO - ----------------------------------------------------------------------
2025-11-14 15:56:04,897 - IENF_Pipeline - INFO - ✓ 骨架化完成
2025-11-14 15:56:04,897 - IENF_Pipeline - INFO - 
2025-11-14 15:56:04,897 - IENF_Pipeline - INFO - 步驟 4/6: 種子提取
2025-11-14 15:56:04,897 - IENF_Pipeline - INFO - ----------------------------------------------------------------------
2025-11-14 15:56:05,024 - IENF_Pipeline - INFO - ✓ 提取 465 個種子點
2025-11-14 15:56:05,024 - IENF_Pipeline - INFO - 
2025-11-14 15:56:05,024 - IENF_Pipeline - INFO - 步驟 5/6: 網路建構
2025-11-14 15:56:05,024 - IENF_Pipeline - INFO - ----------------------------------------------------------------------
2025-11-14 15:56:17,644 - IENF_Pipeline - INFO - ✓ 建構網路: 465 節點, 2722 邊
2025-11-14 15:56:17,644 - IENF_Pipeline - INFO - 
2025-11-14 15:56:17,644 - IENF_Pipeline - INFO - 步驟 6/6: 神經重建
2025-11-14 15:56:17,644 - IENF_Pipeline - INFO - ----------------------------------------------------------------------
2025-11-14 15:56:17,648 - IENF_Pipeline - ERROR - 
✗ Pipeline 執行失敗: attempted relative import with no known parent package
2025-11-14 15:56:58,920 - IENF_Pipeline - INFO - 
======================================================================
2025-11-14 15:56:58,920 - IENF_Pipeline - INFO - IENF 神經纖維重建 Pipeline
2025-11-14 15:56:58,920 - IENF_Pipeline - INFO - ======================================================================
2025-11-14 15:56:58,920 - IENF_Pipeline - INFO - 開始時間: 2025-11-14 15:56:58
2025-11-14 15:56:58,920 - IENF_Pipeline - INFO - 原始影像: ./split/S163-2_a_epidermis_correct_12.png
2025-11-14 15:56:58,920 - IENF_Pipeline - INFO - 手動標註: ./data/Label/S163-2_a.tif
2025-11-14 15:56:58,920 - IENF_Pipeline - INFO - 輸出目錄: ./pipeline_res
2025-11-14 15:56:58,920 - IENF_Pipeline - INFO - 中間產物: 不保存（使用臨時目錄）
2025-11-14 15:56:58,920 - IENF_Pipeline - INFO - 
2025-11-14 15:56:58,921 - IENF_Pipeline - INFO - 步驟 1/6: 影像前處理（提取綠色通道）
2025-11-14 15:56:58,921 - IENF_Pipeline - INFO - ----------------------------------------------------------------------
2025-11-14 15:56:58,946 - IENF_Pipeline - INFO - ✓ 提取綠色通道: (1028, 4713)
2025-11-14 15:56:58,955 - IENF_Pipeline - INFO - 
2025-11-14 15:56:58,955 - IENF_Pipeline - INFO - 步驟 2/6: 標註處理（連通元件分析）
2025-11-14 15:56:58,955 - IENF_Pipeline - INFO - ----------------------------------------------------------------------
2025-11-14 15:56:59,327 - IENF_Pipeline - INFO - ✓ 找到 266 個連通元件
2025-11-14 15:56:59,348 - IENF_Pipeline - INFO - 
2025-11-14 15:56:59,348 - IENF_Pipeline - INFO - 步驟 3/6: 骨架化處理
2025-11-14 15:56:59,348 - IENF_Pipeline - INFO - ----------------------------------------------------------------------
2025-11-14 15:57:24,711 - IENF_Pipeline - INFO - ✓ 骨架化完成
2025-11-14 15:57:24,711 - IENF_Pipeline - INFO - 
2025-11-14 15:57:24,711 - IENF_Pipeline - INFO - 步驟 4/6: 種子提取
2025-11-14 15:57:24,711 - IENF_Pipeline - INFO - ----------------------------------------------------------------------
2025-11-14 15:57:24,837 - IENF_Pipeline - INFO - ✓ 提取 465 個種子點
2025-11-14 15:57:24,837 - IENF_Pipeline - INFO - 
2025-11-14 15:57:24,837 - IENF_Pipeline - INFO - 步驟 5/6: 網路建構
2025-11-14 15:57:24,837 - IENF_Pipeline - INFO - ----------------------------------------------------------------------
2025-11-14 15:57:37,590 - IENF_Pipeline - INFO - ✓ 建構網路: 465 節點, 2722 邊
2025-11-14 15:57:37,591 - IENF_Pipeline - INFO - 
2025-11-14 15:57:37,591 - IENF_Pipeline - INFO - 步驟 6/6: 神經重建
2025-11-14 15:57:37,591 - IENF_Pipeline - INFO - ----------------------------------------------------------------------
2025-11-14 15:57:37,595 - IENF_Pipeline - ERROR - 
✗ Pipeline 執行失敗: cannot import name 'MSTVisualizer' from 'visualization' (/Users/ponywen/projects/ienf_q/src/03_network_building/visualization.py)
2025-11-14 15:59:41,246 - IENF_Pipeline - INFO - 
======================================================================
2025-11-14 15:59:41,246 - IENF_Pipeline - INFO - IENF 神經纖維重建 Pipeline
2025-11-14 15:59:41,246 - IENF_Pipeline - INFO - ======================================================================
2025-11-14 15:59:41,246 - IENF_Pipeline - INFO - 開始時間: 2025-11-14 15:59:41
2025-11-14 15:59:41,246 - IENF_Pipeline - INFO - 原始影像: ./split/S163-2_a_epidermis_correct_12.png
2025-11-14 15:59:41,246 - IENF_Pipeline - INFO - 手動標註: ./data/Label/S163-2_a.tif
2025-11-14 15:59:41,246 - IENF_Pipeline - INFO - 輸出目錄: ./pipeline_res
2025-11-14 15:59:41,246 - IENF_Pipeline - INFO - 中間產物: 不保存（使用臨時目錄）
2025-11-14 15:59:41,246 - IENF_Pipeline - INFO - 
2025-11-14 15:59:41,247 - IENF_Pipeline - INFO - 步驟 1/6: 影像前處理（提取綠色通道）
2025-11-14 15:59:41,247 - IENF_Pipeline - INFO - ----------------------------------------------------------------------
2025-11-14 15:59:41,276 - IENF_Pipeline - INFO - ✓ 提取綠色通道: (1028, 4713)
2025-11-14 15:59:41,285 - IENF_Pipeline - INFO - 
2025-11-14 15:59:41,285 - IENF_Pipeline - INFO - 步驟 2/6: 標註處理（連通元件分析）
2025-11-14 15:59:41,285 - IENF_Pipeline - INFO - ----------------------------------------------------------------------
2025-11-14 15:59:41,656 - IENF_Pipeline - INFO - ✓ 找到 266 個連通元件
2025-11-14 15:59:41,677 - IENF_Pipeline - INFO - 
2025-11-14 15:59:41,678 - IENF_Pipeline - INFO - 步驟 3/6: 骨架化處理
2025-11-14 15:59:41,678 - IENF_Pipeline - INFO - ----------------------------------------------------------------------
2025-11-14 16:00:07,079 - IENF_Pipeline - INFO - ✓ 骨架化完成
2025-11-14 16:00:07,080 - IENF_Pipeline - INFO - 
2025-11-14 16:00:07,080 - IENF_Pipeline - INFO - 步驟 4/6: 種子提取
2025-11-14 16:00:07,080 - IENF_Pipeline - INFO - ----------------------------------------------------------------------
2025-11-14 16:00:07,243 - IENF_Pipeline - INFO - ✓ 提取 465 個種子點
2025-11-14 16:00:07,243 - IENF_Pipeline - INFO - 
2025-11-14 16:00:07,243 - IENF_Pipeline - INFO - 步驟 5/6: 網路建構
2025-11-14 16:00:07,243 - IENF_Pipeline - INFO - ----------------------------------------------------------------------
2025-11-14 16:00:21,955 - IENF_Pipeline - INFO - ✓ 建構網路: 465 節點, 2722 邊
2025-11-14 16:00:21,955 - IENF_Pipeline - INFO - 
2025-11-14 16:00:21,956 - IENF_Pipeline - INFO - 步驟 6/6: 神經重建
2025-11-14 16:00:21,956 - IENF_Pipeline - INFO - ----------------------------------------------------------------------
2025-11-14 16:00:30,891 - IENF_Pipeline - INFO - ✓ 重建完成
2025-11-14 16:00:30,891 - IENF_Pipeline - INFO -   - MST 森林: 465 節點, 417 邊
2025-11-14 16:00:30,891 - IENF_Pipeline - INFO -   - 連通分量: 48 個
2025-11-14 16:00:30,891 - IENF_Pipeline - INFO - 
2025-11-14 16:00:30,892 - IENF_Pipeline - INFO - ✓ 已清理中間產物
2025-11-14 16:00:30,892 - IENF_Pipeline - INFO - 
======================================================================
2025-11-14 16:00:30,892 - IENF_Pipeline - INFO - Pipeline 執行完成
2025-11-14 16:00:30,892 - IENF_Pipeline - INFO - ======================================================================
2025-11-14 16:00:30,892 - IENF_Pipeline - INFO - 總耗時: 0:00:49.646372
2025-11-14 16:00:30,892 - IENF_Pipeline - INFO - 輸出目錄: ./pipeline_res
2025-11-14 16:00:30,892 - IENF_Pipeline - INFO - ======================================================================

2025-11-14 18:10:21,986 - IENF_Pipeline - INFO - 
======================================================================
2025-11-14 18:10:21,987 - IENF_Pipeline - INFO - IENF 神經纖維重建 Pipeline
2025-11-14 18:10:21,987 - IENF_Pipeline - INFO - ======================================================================
2025-11-14 18:10:21,987 - IENF_Pipeline - INFO - 開始時間: 2025-11-14 18:10:21
2025-11-14 18:10:21,987 - IENF_Pipeline - INFO - 原始影像: ./split/border_near_by.png
2025-11-14 18:10:21,987 - IENF_Pipeline - INFO - 手動標註: ./split/border_near_by_binarize.png
2025-11-14 18:10:21,987 - IENF_Pipeline - INFO - 輸出目錄: ./dermis_res
2025-11-14 18:10:21,987 - IENF_Pipeline - INFO - 中間產物: 將保存
2025-11-14 18:10:21,987 - IENF_Pipeline - INFO - 
2025-11-14 18:10:21,987 - IENF_Pipeline - INFO - 步驟 1/6: 影像前處理（提取綠色通道）
2025-11-14 18:10:21,987 - IENF_Pipeline - INFO - ----------------------------------------------------------------------
2025-11-14 18:10:22,023 - IENF_Pipeline - INFO - ✓ 提取綠色通道: (1028, 4713)
2025-11-14 18:10:22,035 - IENF_Pipeline - INFO - 
2025-11-14 18:10:22,035 - IENF_Pipeline - INFO - 步驟 2/6: 標註處理（連通元件分析）
2025-11-14 18:10:22,036 - IENF_Pipeline - INFO - ----------------------------------------------------------------------
2025-11-14 18:10:22,637 - IENF_Pipeline - INFO - ✓ 找到 117 個連通元件
2025-11-14 18:10:22,652 - IENF_Pipeline - INFO - 
2025-11-14 18:10:22,652 - IENF_Pipeline - INFO - 步驟 3/6: 骨架化處理
2025-11-14 18:10:22,652 - IENF_Pipeline - INFO - ----------------------------------------------------------------------
2025-11-14 18:10:35,774 - IENF_Pipeline - INFO - ✓ 骨架化完成
2025-11-14 18:10:35,774 - IENF_Pipeline - INFO - 
2025-11-14 18:10:35,774 - IENF_Pipeline - INFO - 步驟 4/6: 種子提取
2025-11-14 18:10:35,774 - IENF_Pipeline - INFO - ----------------------------------------------------------------------
2025-11-14 18:10:35,868 - IENF_Pipeline - INFO - ✓ 提取 307 個種子點
2025-11-14 18:10:35,868 - IENF_Pipeline - INFO - 
2025-11-14 18:10:35,869 - IENF_Pipeline - INFO - 步驟 5/6: 網路建構
2025-11-14 18:10:35,869 - IENF_Pipeline - INFO - ----------------------------------------------------------------------
2025-11-14 18:10:44,382 - IENF_Pipeline - INFO - ✓ 建構網路: 307 節點, 1358 邊
2025-11-14 18:10:44,382 - IENF_Pipeline - INFO - 
2025-11-14 18:10:44,382 - IENF_Pipeline - INFO - 步驟 6/6: 神經重建
2025-11-14 18:10:44,382 - IENF_Pipeline - INFO - ----------------------------------------------------------------------
2025-11-14 18:10:50,848 - IENF_Pipeline - INFO - ✓ 重建完成
2025-11-14 18:10:50,848 - IENF_Pipeline - INFO -   - MST 森林: 307 節點, 282 邊
2025-11-14 18:10:50,848 - IENF_Pipeline - INFO -   - 連通分量: 25 個
2025-11-14 18:10:50,848 - IENF_Pipeline - INFO - 
2025-11-14 18:10:50,848 - IENF_Pipeline - INFO - ✓ 中間產物已保存至: intermediates
2025-11-14 18:10:50,848 - IENF_Pipeline - INFO - 
======================================================================
2025-11-14 18:10:50,848 - IENF_Pipeline - INFO - Pipeline 執行完成
2025-11-14 18:10:50,848 - IENF_Pipeline - INFO - ======================================================================
2025-11-14 18:10:50,848 - IENF_Pipeline - INFO - 總耗時: 0:00:28.861356
2025-11-14 18:10:50,848 - IENF_Pipeline - INFO - 輸出目錄: ./dermis_res
2025-11-14 18:10:50,848 - IENF_Pipeline - INFO - ======================================================================

2025-11-14 18:13:10,110 - IENF_Pipeline - INFO - 
======================================================================
2025-11-14 18:13:10,111 - IENF_Pipeline - INFO - IENF 神經纖維重建 Pipeline
2025-11-14 18:13:10,111 - IENF_Pipeline - INFO - ======================================================================
2025-11-14 18:13:10,111 - IENF_Pipeline - INFO - 開始時間: 2025-11-14 18:13:10
2025-11-14 18:13:10,111 - IENF_Pipeline - INFO - 原始影像: ./split/dermis_25.png
2025-11-14 18:13:10,111 - IENF_Pipeline - INFO - 手動標註: ./split/border_near_by_binarize.png
2025-11-14 18:13:10,111 - IENF_Pipeline - INFO - 輸出目錄: ./dermis_res
2025-11-14 18:13:10,111 - IENF_Pipeline - INFO - 中間產物: 將保存
2025-11-14 18:13:10,111 - IENF_Pipeline - INFO - 
2025-11-14 18:13:10,111 - IENF_Pipeline - INFO - 步驟 1/6: 影像前處理（提取綠色通道）
2025-11-14 18:13:10,111 - IENF_Pipeline - INFO - ----------------------------------------------------------------------
2025-11-14 18:13:10,143 - IENF_Pipeline - INFO - ✓ 提取綠色通道: (1028, 4713)
2025-11-14 18:13:10,162 - IENF_Pipeline - INFO - 
2025-11-14 18:13:10,162 - IENF_Pipeline - INFO - 步驟 2/6: 標註處理（連通元件分析）
2025-11-14 18:13:10,162 - IENF_Pipeline - INFO - ----------------------------------------------------------------------
2025-11-14 18:13:10,529 - IENF_Pipeline - INFO - ✓ 找到 117 個連通元件
2025-11-14 18:13:10,543 - IENF_Pipeline - INFO - 
2025-11-14 18:13:10,543 - IENF_Pipeline - INFO - 步驟 3/6: 骨架化處理
2025-11-14 18:13:10,543 - IENF_Pipeline - INFO - ----------------------------------------------------------------------
2025-11-14 18:13:23,706 - IENF_Pipeline - INFO - ✓ 骨架化完成
2025-11-14 18:13:23,706 - IENF_Pipeline - INFO - 
2025-11-14 18:13:23,706 - IENF_Pipeline - INFO - 步驟 4/6: 種子提取
2025-11-14 18:13:23,707 - IENF_Pipeline - INFO - ----------------------------------------------------------------------
2025-11-14 18:13:23,804 - IENF_Pipeline - INFO - ✓ 提取 307 個種子點
2025-11-14 18:13:23,804 - IENF_Pipeline - INFO - 
2025-11-14 18:13:23,804 - IENF_Pipeline - INFO - 步驟 5/6: 網路建構
2025-11-14 18:13:23,804 - IENF_Pipeline - INFO - ----------------------------------------------------------------------
2025-11-14 18:13:32,458 - IENF_Pipeline - INFO - ✓ 建構網路: 307 節點, 1358 邊
2025-11-14 18:13:32,458 - IENF_Pipeline - INFO - 
2025-11-14 18:13:32,458 - IENF_Pipeline - INFO - 步驟 6/6: 神經重建
2025-11-14 18:13:32,459 - IENF_Pipeline - INFO - ----------------------------------------------------------------------
2025-11-14 18:13:39,223 - IENF_Pipeline - INFO - ✓ 重建完成
2025-11-14 18:13:39,223 - IENF_Pipeline - INFO -   - MST 森林: 307 節點, 282 邊
2025-11-14 18:13:39,223 - IENF_Pipeline - INFO -   - 連通分量: 25 個
2025-11-14 18:13:39,223 - IENF_Pipeline - INFO - 
2025-11-14 18:13:39,223 - IENF_Pipeline - INFO - ✓ 中間產物已保存至: intermediates
2025-11-14 18:13:39,223 - IENF_Pipeline - INFO - 
======================================================================
2025-11-14 18:13:39,223 - IENF_Pipeline - INFO - Pipeline 執行完成
2025-11-14 18:13:39,223 - IENF_Pipeline - INFO - ======================================================================
2025-11-14 18:13:39,223 - IENF_Pipeline - INFO - 總耗時: 0:00:29.112762
2025-11-14 18:13:39,223 - IENF_Pipeline - INFO - 輸出目錄: ./dermis_res
2025-11-14 18:13:39,223 - IENF_Pipeline - INFO - ======================================================================

2025-11-14 18:26:22,618 - IENF_Pipeline - INFO - 
======================================================================
2025-11-14 18:26:22,618 - IENF_Pipeline - INFO - IENF 神經纖維重建 Pipeline
2025-11-14 18:26:22,618 - IENF_Pipeline - INFO - ======================================================================
2025-11-14 18:26:22,618 - IENF_Pipeline - INFO - 開始時間: 2025-11-14 18:26:22
2025-11-14 18:26:22,618 - IENF_Pipeline - INFO - 原始影像: ./split/S163-2_a_epidermis_correct_12.png
2025-11-14 18:26:22,618 - IENF_Pipeline - INFO - 手動標註: ./data/Label/S163-2_a.tif
2025-11-14 18:26:22,618 - IENF_Pipeline - INFO - 輸出目錄: ./dermis_res
2025-11-14 18:26:22,618 - IENF_Pipeline - INFO - 中間產物: 將保存
2025-11-14 18:26:22,618 - IENF_Pipeline - INFO - 
2025-11-14 18:26:22,619 - IENF_Pipeline - INFO - 步驟 1/6: 影像前處理（提取綠色通道）
2025-11-14 18:26:22,619 - IENF_Pipeline - INFO - ----------------------------------------------------------------------
2025-11-14 18:26:22,653 - IENF_Pipeline - INFO - ✓ 提取綠色通道: (1028, 4713)
2025-11-14 18:26:22,663 - IENF_Pipeline - INFO - 
2025-11-14 18:26:22,663 - IENF_Pipeline - INFO - 步驟 2/6: 標註處理（連通元件分析）
2025-11-14 18:26:22,663 - IENF_Pipeline - INFO - ----------------------------------------------------------------------
2025-11-14 18:26:23,196 - IENF_Pipeline - INFO - ✓ 找到 266 個連通元件
2025-11-14 18:26:23,218 - IENF_Pipeline - INFO - 
2025-11-14 18:26:23,219 - IENF_Pipeline - INFO - 步驟 3/6: 骨架化處理
2025-11-14 18:26:23,219 - IENF_Pipeline - INFO - ----------------------------------------------------------------------
2025-11-14 18:26:34,733 - IENF_Pipeline - INFO - 
======================================================================
2025-11-14 18:26:34,734 - IENF_Pipeline - INFO - IENF 神經纖維重建 Pipeline
2025-11-14 18:26:34,734 - IENF_Pipeline - INFO - ======================================================================
2025-11-14 18:26:34,734 - IENF_Pipeline - INFO - 開始時間: 2025-11-14 18:26:34
2025-11-14 18:26:34,734 - IENF_Pipeline - INFO - 原始影像: ./split/S163-2_a_epidermis_correct_12.png
2025-11-14 18:26:34,734 - IENF_Pipeline - INFO - 手動標註: ./data/Label/S163-2_a.tif
2025-11-14 18:26:34,734 - IENF_Pipeline - INFO - 輸出目錄: ./epidermis_res
2025-11-14 18:26:34,734 - IENF_Pipeline - INFO - 中間產物: 將保存
2025-11-14 18:26:34,734 - IENF_Pipeline - INFO - 
2025-11-14 18:26:34,734 - IENF_Pipeline - INFO - 步驟 1/6: 影像前處理（提取綠色通道）
2025-11-14 18:26:34,734 - IENF_Pipeline - INFO - ----------------------------------------------------------------------
2025-11-14 18:26:34,761 - IENF_Pipeline - INFO - ✓ 提取綠色通道: (1028, 4713)
2025-11-14 18:26:34,770 - IENF_Pipeline - INFO - 
2025-11-14 18:26:34,770 - IENF_Pipeline - INFO - 步驟 2/6: 標註處理（連通元件分析）
2025-11-14 18:26:34,770 - IENF_Pipeline - INFO - ----------------------------------------------------------------------
2025-11-14 18:26:35,094 - IENF_Pipeline - INFO - ✓ 找到 266 個連通元件
2025-11-14 18:26:35,114 - IENF_Pipeline - INFO - 
2025-11-14 18:26:35,115 - IENF_Pipeline - INFO - 步驟 3/6: 骨架化處理
2025-11-14 18:26:35,115 - IENF_Pipeline - INFO - ----------------------------------------------------------------------
2025-11-14 18:27:02,258 - IENF_Pipeline - INFO - ✓ 骨架化完成
2025-11-14 18:27:02,258 - IENF_Pipeline - INFO - 
2025-11-14 18:27:02,258 - IENF_Pipeline - INFO - 步驟 4/6: 種子提取
2025-11-14 18:27:02,258 - IENF_Pipeline - INFO - ----------------------------------------------------------------------
2025-11-14 18:27:02,388 - IENF_Pipeline - INFO - ✓ 提取 465 個種子點
2025-11-14 18:27:02,388 - IENF_Pipeline - INFO - 
2025-11-14 18:27:02,388 - IENF_Pipeline - INFO - 步驟 5/6: 網路建構
2025-11-14 18:27:02,388 - IENF_Pipeline - INFO - ----------------------------------------------------------------------
2025-11-14 18:27:02,496 - IENF_Pipeline - ERROR - 
✗ Pipeline 執行失敗: attempted relative import with no known parent package
2025-11-14 18:27:25,877 - IENF_Pipeline - INFO - 
======================================================================
2025-11-14 18:27:25,877 - IENF_Pipeline - INFO - IENF 神經纖維重建 Pipeline
2025-11-14 18:27:25,877 - IENF_Pipeline - INFO - ======================================================================
2025-11-14 18:27:25,877 - IENF_Pipeline - INFO - 開始時間: 2025-11-14 18:27:25
2025-11-14 18:27:25,877 - IENF_Pipeline - INFO - 原始影像: ./split/S163-2_a_epidermis_correct_12.png
2025-11-14 18:27:25,878 - IENF_Pipeline - INFO - 手動標註: ./data/Label/S163-2_a.tif
2025-11-14 18:27:25,878 - IENF_Pipeline - INFO - 輸出目錄: ./epidermis_res
2025-11-14 18:27:25,878 - IENF_Pipeline - INFO - 中間產物: 將保存
2025-11-14 18:27:25,878 - IENF_Pipeline - INFO - 
2025-11-14 18:27:25,878 - IENF_Pipeline - INFO - 步驟 1/6: 影像前處理（提取綠色通道）
2025-11-14 18:27:25,878 - IENF_Pipeline - INFO - ----------------------------------------------------------------------
2025-11-14 18:27:25,907 - IENF_Pipeline - INFO - ✓ 提取綠色通道: (1028, 4713)
2025-11-14 18:27:25,918 - IENF_Pipeline - INFO - 
2025-11-14 18:27:25,918 - IENF_Pipeline - INFO - 步驟 2/6: 標註處理（連通元件分析）
2025-11-14 18:27:25,918 - IENF_Pipeline - INFO - ----------------------------------------------------------------------
2025-11-14 18:27:26,411 - IENF_Pipeline - INFO - ✓ 找到 266 個連通元件
2025-11-14 18:27:26,431 - IENF_Pipeline - INFO - 
2025-11-14 18:27:26,432 - IENF_Pipeline - INFO - 步驟 3/6: 骨架化處理
2025-11-14 18:27:26,432 - IENF_Pipeline - INFO - ----------------------------------------------------------------------
2025-11-14 18:27:52,311 - IENF_Pipeline - INFO - ✓ 骨架化完成
2025-11-14 18:27:52,311 - IENF_Pipeline - INFO - 
2025-11-14 18:27:52,311 - IENF_Pipeline - INFO - 步驟 4/6: 種子提取
2025-11-14 18:27:52,311 - IENF_Pipeline - INFO - ----------------------------------------------------------------------
2025-11-14 18:27:52,513 - IENF_Pipeline - INFO - ✓ 提取 465 個種子點
2025-11-14 18:27:52,514 - IENF_Pipeline - INFO - 
2025-11-14 18:27:52,514 - IENF_Pipeline - INFO - 步驟 5/6: 網路建構
2025-11-14 18:27:52,514 - IENF_Pipeline - INFO - ----------------------------------------------------------------------
2025-11-14 18:28:01,217 - IENF_Pipeline - INFO - ✓ 建構網路: 465 節點, 2719 邊
2025-11-14 18:28:01,217 - IENF_Pipeline - INFO - 
2025-11-14 18:28:01,217 - IENF_Pipeline - INFO - 步驟 6/6: 神經重建
2025-11-14 18:28:01,217 - IENF_Pipeline - INFO - ----------------------------------------------------------------------
2025-11-14 18:28:09,840 - IENF_Pipeline - INFO - ✓ 重建完成
2025-11-14 18:28:09,840 - IENF_Pipeline - INFO -   - MST 森林: 465 節點, 416 邊
2025-11-14 18:28:09,840 - IENF_Pipeline - INFO -   - 連通分量: 49 個
2025-11-14 18:28:09,840 - IENF_Pipeline - INFO - 
2025-11-14 18:28:09,840 - IENF_Pipeline - INFO - ✓ 中間產物已保存至: intermediates
2025-11-14 18:28:09,840 - IENF_Pipeline - INFO - 
======================================================================
2025-11-14 18:28:09,840 - IENF_Pipeline - INFO - Pipeline 執行完成
2025-11-14 18:28:09,840 - IENF_Pipeline - INFO - ======================================================================
2025-11-14 18:28:09,840 - IENF_Pipeline - INFO - 總耗時: 0:00:43.962776
2025-11-14 18:28:09,840 - IENF_Pipeline - INFO - 輸出目錄: ./epidermis_res
2025-11-14 18:28:09,840 - IENF_Pipeline - INFO - ======================================================================

2025-11-15 17:58:19,298 - IENF_Pipeline - INFO - 
======================================================================
2025-11-15 17:58:19,299 - IENF_Pipeline - INFO - IENF 神經纖維重建 Pipeline
2025-11-15 17:58:19,299 - IENF_Pipeline - INFO - ======================================================================
2025-11-15 17:58:19,299 - IENF_Pipeline - INFO - 開始時間: 2025-11-15 17:58:19
2025-11-15 17:58:19,299 - IENF_Pipeline - INFO - 原始影像: ./together/input_r_12_epidermis.tif
2025-11-15 17:58:19,299 - IENF_Pipeline - INFO - 手動標註: ./data/Label/S163-2_a.tif
2025-11-15 17:58:19,299 - IENF_Pipeline - INFO - 輸出目錄: ./together/epidermis
2025-11-15 17:58:19,299 - IENF_Pipeline - INFO - 中間產物: 將保存
2025-11-15 17:58:19,299 - IENF_Pipeline - INFO - 
2025-11-15 17:58:19,299 - IENF_Pipeline - INFO - 步驟 1/6: 影像前處理（提取綠色通道）
2025-11-15 17:58:19,299 - IENF_Pipeline - INFO - ----------------------------------------------------------------------
2025-11-15 17:58:19,332 - IENF_Pipeline - INFO - ✓ 提取綠色通道: (1028, 4713)
2025-11-15 17:58:19,343 - IENF_Pipeline - INFO - 
2025-11-15 17:58:19,343 - IENF_Pipeline - INFO - 步驟 2/6: 標註處理（連通元件分析）
2025-11-15 17:58:19,343 - IENF_Pipeline - INFO - ----------------------------------------------------------------------
2025-11-15 17:58:19,442 - IENF_Pipeline - INFO - ✓ 找到 266 個連通元件
2025-11-15 17:58:19,464 - IENF_Pipeline - INFO - 
2025-11-15 17:58:19,464 - IENF_Pipeline - INFO - 步驟 3/6: 骨架化處理
2025-11-15 17:58:19,464 - IENF_Pipeline - INFO - ----------------------------------------------------------------------
2025-11-15 17:58:44,634 - IENF_Pipeline - INFO - ✓ 骨架化完成
2025-11-15 17:58:44,634 - IENF_Pipeline - INFO - 
2025-11-15 17:58:44,634 - IENF_Pipeline - INFO - 步驟 4/6: 種子提取
2025-11-15 17:58:44,634 - IENF_Pipeline - INFO - ----------------------------------------------------------------------
2025-11-15 17:58:44,756 - IENF_Pipeline - INFO - ✓ 提取 465 個種子點
2025-11-15 17:58:44,756 - IENF_Pipeline - INFO - 
2025-11-15 17:58:44,756 - IENF_Pipeline - INFO - 步驟 5/6: 網路建構
2025-11-15 17:58:44,756 - IENF_Pipeline - INFO - ----------------------------------------------------------------------
2025-11-15 17:58:51,480 - IENF_Pipeline - INFO - ✓ 建構網路: 465 節點, 2719 邊
2025-11-15 17:58:51,480 - IENF_Pipeline - INFO - 
2025-11-15 17:58:51,480 - IENF_Pipeline - INFO - 步驟 6/6: 神經重建
2025-11-15 17:58:51,480 - IENF_Pipeline - INFO - ----------------------------------------------------------------------
2025-11-15 17:58:59,892 - IENF_Pipeline - INFO - ✓ 重建完成
2025-11-15 17:58:59,892 - IENF_Pipeline - INFO -   - MST 森林: 465 節點, 416 邊
2025-11-15 17:58:59,892 - IENF_Pipeline - INFO -   - 連通分量: 49 個
2025-11-15 17:58:59,892 - IENF_Pipeline - INFO - 
2025-11-15 17:58:59,892 - IENF_Pipeline - INFO - ✓ 中間產物已保存至: together/intermediates
2025-11-15 17:58:59,893 - IENF_Pipeline - INFO - 
======================================================================
2025-11-15 17:58:59,893 - IENF_Pipeline - INFO - Pipeline 執行完成
2025-11-15 17:58:59,893 - IENF_Pipeline - INFO - ======================================================================
2025-11-15 17:58:59,893 - IENF_Pipeline - INFO - 總耗時: 0:00:40.594228
2025-11-15 17:58:59,893 - IENF_Pipeline - INFO - 輸出目錄: ./together/epidermis
2025-11-15 17:58:59,893 - IENF_Pipeline - INFO - ======================================================================

2025-11-15 18:03:21,545 - IENF_Pipeline - INFO - 
======================================================================
2025-11-15 18:03:21,546 - IENF_Pipeline - INFO - IENF 神經纖維重建 Pipeline
2025-11-15 18:03:21,546 - IENF_Pipeline - INFO - ======================================================================
2025-11-15 18:03:21,546 - IENF_Pipeline - INFO - 開始時間: 2025-11-15 18:03:21
2025-11-15 18:03:21,546 - IENF_Pipeline - INFO - 原始影像: ./together/input_r_12_dermis.tif
2025-11-15 18:03:21,546 - IENF_Pipeline - INFO - 手動標註: ./together/input_dermis_label.png
2025-11-15 18:03:21,546 - IENF_Pipeline - INFO - 輸出目錄: ./together/dermis
2025-11-15 18:03:21,546 - IENF_Pipeline - INFO - 中間產物: 將保存
2025-11-15 18:03:21,546 - IENF_Pipeline - INFO - 
2025-11-15 18:03:21,546 - IENF_Pipeline - INFO - 步驟 1/6: 影像前處理（提取綠色通道）
2025-11-15 18:03:21,546 - IENF_Pipeline - INFO - ----------------------------------------------------------------------
2025-11-15 18:03:21,571 - IENF_Pipeline - INFO - ✓ 提取綠色通道: (1028, 4713)
2025-11-15 18:03:21,579 - IENF_Pipeline - INFO - 
2025-11-15 18:03:21,580 - IENF_Pipeline - INFO - 步驟 2/6: 標註處理（連通元件分析）
2025-11-15 18:03:21,580 - IENF_Pipeline - INFO - ----------------------------------------------------------------------
2025-11-15 18:03:21,662 - IENF_Pipeline - INFO - ✓ 找到 87 個連通元件
2025-11-15 18:03:21,676 - IENF_Pipeline - INFO - 
2025-11-15 18:03:21,676 - IENF_Pipeline - INFO - 步驟 3/6: 骨架化處理
2025-11-15 18:03:21,676 - IENF_Pipeline - INFO - ----------------------------------------------------------------------
2025-11-15 18:03:32,546 - IENF_Pipeline - INFO - ✓ 骨架化完成
2025-11-15 18:03:32,546 - IENF_Pipeline - INFO - 
2025-11-15 18:03:32,546 - IENF_Pipeline - INFO - 步驟 4/6: 種子提取
2025-11-15 18:03:32,546 - IENF_Pipeline - INFO - ----------------------------------------------------------------------
2025-11-15 18:03:32,619 - IENF_Pipeline - INFO - ✓ 提取 245 個種子點
2025-11-15 18:03:32,619 - IENF_Pipeline - INFO - 
2025-11-15 18:03:32,619 - IENF_Pipeline - INFO - 步驟 5/6: 網路建構
2025-11-15 18:03:32,619 - IENF_Pipeline - INFO - ----------------------------------------------------------------------
2025-11-15 18:03:37,215 - IENF_Pipeline - INFO - ✓ 建構網路: 245 節點, 1270 邊
2025-11-15 18:03:37,215 - IENF_Pipeline - INFO - 
2025-11-15 18:03:37,215 - IENF_Pipeline - INFO - 步驟 6/6: 神經重建
2025-11-15 18:03:37,215 - IENF_Pipeline - INFO - ----------------------------------------------------------------------
2025-11-15 18:03:42,839 - IENF_Pipeline - INFO - ✓ 重建完成
2025-11-15 18:03:42,839 - IENF_Pipeline - INFO -   - MST 森林: 245 節點, 226 邊
2025-11-15 18:03:42,839 - IENF_Pipeline - INFO -   - 連通分量: 19 個
2025-11-15 18:03:42,839 - IENF_Pipeline - INFO - 
2025-11-15 18:03:42,839 - IENF_Pipeline - INFO - ✓ 中間產物已保存至: together/intermediates
2025-11-15 18:03:42,839 - IENF_Pipeline - INFO - 
======================================================================
2025-11-15 18:03:42,839 - IENF_Pipeline - INFO - Pipeline 執行完成
2025-11-15 18:03:42,839 - IENF_Pipeline - INFO - ======================================================================
2025-11-15 18:03:42,839 - IENF_Pipeline - INFO - 總耗時: 0:00:21.293680
2025-11-15 18:03:42,839 - IENF_Pipeline - INFO - 輸出目錄: ./together/dermis
2025-11-15 18:03:42,839 - IENF_Pipeline - INFO - ======================================================================

