
  [val  ] S1140-2_a           Dice = 0.5581
  [train] S1140-2_b           Dice = 0.6159
  [train] S1585-2_a           Dice = 0.5714
  [val  ] S1585-2_b           Dice = 0.5328
  [val  ] S1616-2_a           Dice = 0.4409
  [train] S222-2_a            Dice = 0.5492
  [train] S222-2_b            Dice = 0.5945
  [train] S226-2_a            Dice = 0.4926
  [train] S226-2_b            Dice = 0.5059
  [train] S236-2_a            Dice = 0.5379
  [train] S236-2_b            Dice = 0.5257
  [val  ] S341-2_a            Dice = 0.5663
  [train] S341-2_b            Dice = 0.5119
  [train] S487-2_a            Dice = 0.5598
  [train] S487-2_b            Dice = 0.5734
  [train] S558-2_a            Dice = 0.4404
  [train] S558-2_b            Dice = 0.4247

Mean Dice (all)   : 0.5295
Mean Dice (train) : 0.5310
Mean Dice (val)   : 0.5245